[www.britannica.com/technology/construction.html]
[backblue.gif]
[fade.gif]
[index.html]
[cdn.britannica.com/mendel-resources/3-76/dist/vendor-bundle9d6e.css]
[cdn.britannica.com/mendel-resources/3-76/dist/mendel-css9d6e.css]
[cdn.britannica.com/mendel-resources/3-76/dist/topic-page9d6e.css]
[www.googleoptimize.com/optimize3ea8.js]
[cdn.britannica.com/mendel/eb-logo/MendelNewThistleLogo.png]
[www.britannica.com/technology/construction/Bronze-Age-and-early-urban-cultures.html]
[www.britannica.com/technology/construction/Roman-achievements.html]
[www.britannica.com/technology/construction/Romanesque-and-Gothic.html]
[www.britannica.com/technology/construction/Construction-in-timber-and-brick.html]
[www.britannica.com/technology/construction/The-Renaissance.html]
[www.britannica.com/technology/construction/The-first-industrial-age.html]
[www.britannica.com/technology/construction/Building-science.html]
[www.britannica.com/technology/construction/Early-steel-frame-high-rises.html]
[www.britannica.com/technology/construction/The-concrete-dome.html]
[www.britannica.com/technology/construction/High-rise-construction-since-1945.html]
[www.britannica.com/technology/construction/Modern-building-practices.html]
[www.britannica.com/technology/construction/Design-development.html]
[www.britannica.com/technology/construction/Low-rise-residential-buildings.html]
[www.britannica.com/technology/construction/Interior-finishes.html]
[www.britannica.com/technology/construction/Low-rise-commercial-institutional-and-industrial-buildings.html]
[www.britannica.com/technology/construction/Concrete.html]
[www.britannica.com/technology/construction/Floor-finishes.html]
[www.britannica.com/technology/construction/Electrical-systems.html]
[www.britannica.com/technology/construction/High-rise-buildings.html]
[www.britannica.com/technology/construction/Enclosure-systems.html]
[www.britannica.com/technology/construction/Long-span-buildings.html]
[www.britannica.com/technology/construction/Concrete-structures.html]
[www.britannica.com/technology/construction/images-videos.html]
[www.britannica.com/technology/construction/additional-info.html]
[cdn.britannica.com/22/127022-004-DDEB9FD1/Apartment-buildings-construction-Cambridge-Eng.jpg]
[cdn.britannica.com/22/127022-004-DDEB9FD1/Apartment-buildings-construction-Cambridge-Engb10f.jpg]
[www.britannica.com/technology/masonry.html]
[www.britannica.com/technology/carpentry.html]
[www.britannica.com/technology/scaffold-construction.html]
[www.britannica.com/technology/rammed-earth.html]
[www.britannica.com/technology/shoring.html]
[www.britannica.com/technology/industry.html]
[www.britannica.com/technology/igloo.html]
[www.britannica.com/technology/building-material.html]
[www.britannica.com/technology/brick-building-material.html]
[www.britannica.com/technology/concrete-building-material.html]
[www.britannica.com/technology/machine.html]
[www.britannica.com/technology/tent.html]
[www.britannica.com/technology/yurt.html]
[www.britannica.com/technology/tepee.html]
[www.britannica.com/technology/tholos-architecture.html]
[www.britannica.com/technology/roof.html]
[www.britannica.com/technology/wattle-and-daub.html]
[www.britannica.com/technology/framed-building.html]
[www.britannica.com/technology/column-architecture.html]
[www.britannica.com/technology/thatching.html]
[www.britannica.com/technology/construction.html]
[cdn.britannica.com/mendel-resources/3-76/dist/vendor-bundle9d6e.css]
[cdn.britannica.com/mendel-resources/3-76/js/libs/jquery-3.5.0.min9d6e.js]
[cdn.britannica.com/mendel-resources/3-76/images/footer/background.png]
[cdn.britannica.com/mendel-resources/3-76/images/footer/mw-logo.gif]
[cdn.britannica.com/mendel-resources/3-76/images/shared/ajax.gif]
[cdn.britannica.com/mendel-resources/3-76/images/shared/mobile-comments-logged-in.png]
[cdn.britannica.com/mendel-resources/3-76/images/shared/nsprites24.png]
[cdn.britannica.com/mendel-resources/3-76/dist/mendel-css9d6e.css]
[cdn.britannica.com/mendel-resources/3-76/dist/topic-page9d6e.css]
[www.googletagmanager.com/gtm5445.html]
[www.britannica.com/technology/building.html]
[www.britannica.com/technology/technology.html]
[www.britannica.com/technology/prefabrication.html]
[www.britannica.com/technology/mud-brick.html]
[www.britannica.com/technology/mortar-building-material.html]
[www.britannica.com/technology/post-and-lintel-system.html]
[www.britannica.com/technology/plaster.html]
[cdn.britannica.com/68/6968-050-F749D18B/Brick-walls-corbel-vault-entrance-tomb-chamber.jpg]
[cdn.britannica.com/68/6968-050-F749D18B/Brick-walls-corbel-vault-entrance-tomb-chamber0442.jpg]
[www.britannica.com/technology/firing-ceramics.html]
[www.britannica.com/technology/kiln-oven.html]
[www.britannica.com/technology/arch-architecture.html]
[www.britannica.com/technology/corbel-vault.html]
[www.britannica.com/technology/rubble-masonry.html]
[www.britannica.com/technology/ziggurat.html]
[www.britannica.com/technology/bronze-alloy.html]
[www.britannica.com/technology/tool.html]
[www.britannica.com/technology/log-cabin.html]
[www.britannica.com/technology/timber-framing.html]
[www.britannica.com/technology/shingle-building-material.html]
[www.britannica.com/technology/mastaba.html]
[www.britannica.com/technology/quarry-mining.html]
[www.britannica.com/technology/pick-tool.html]
[www.britannica.com/technology/block-building-material.html]
[www.britannica.com/technology/pyramid-architecture.html]
[www.britannica.com/technology/course-brickwork.html]
[www.britannica.com/technology/beam-architecture.html]
[www.britannica.com/technology/tile.html]
[www.britannica.com/technology/lighthouse.html]
[www.britannica.com/technology/construction/Bronze-Age-and-early-urban-cultures.html]
[www.britannica.com/technology/high-rise-building.html]
[www.britannica.com/technology/opus-quadratum.html]
[www.britannica.com/technology/public-utility.html]
[www.britannica.com/technology/bridge-engineering.html]
[www.britannica.com/technology/mass-production.html]
[www.britannica.com/technology/mortar-and-pestle.html]
[www.britannica.com/technology/pozzolana.html]
[www.britannica.com/technology/groin-vault.html]
[cdn.britannica.com/87/121387-050-9B7C19EC/Basilica-Maxentius-Rome0442.jpg]
[cdn.britannica.com/87/121387-050-9B7C19EC/Basilica-Maxentius-Rome.jpg]
[www.britannica.com/technology/truss-bridge.html]
[www.britannica.com/technology/truss-building.html]
[www.britannica.com/technology/invention-technology.html]
[www.britannica.com/technology/pipe-metallurgy.html]
[www.britannica.com/technology/plumbing.html]
[www.britannica.com/technology/water-supply-system.html]
[www.britannica.com/technology/sewerage-system.html]
[www.britannica.com/technology/glass.html]
[www.britannica.com/technology/window.html]
[www.britannica.com/technology/construction/Roman-achievements.html]
[www.britannica.com/technology/hypocaust.html]
[www.britannica.com/technology/vault-architecture.html]
[cdn.britannica.com/42/179842-138-E6D272C1/Overview-Speyer-Cathedral-Germany2fcd.jpg]
[cdn.britannica.com/14/141414-050-CF00167F/Kedleston-Hall-Derbyshire-Eng-Robert-Adam-James0d44.jpg]
[www.britannica.com/technology/pointed-arch.html]
[www.britannica.com/technology/rib-vault.html]
[www.britannica.com/technology/spire.html]
[www.britannica.com/technology/construction/Romanesque-and-Gothic.html]
[www.britannica.com/technology/siding.html]
[www.britannica.com/technology/half-timber-work.html]
[www.britannica.com/technology/ship-construction.html]
[www.britannica.com/technology/hammer-beam-roof.html]
[www.britannica.com/technology/bond-brickwork.html]
[www.britannica.com/technology/English-bond.html]
[www.britannica.com/technology/fireplace.html]
[www.britannica.com/technology/construction/Construction-in-timber-and-brick.html]
[www.britannica.com/technology/chimney-architecture.html]
[www.britannica.com/technology/dome-architecture.html]
[www.britannica.com/technology/campanile-architecture.html]
[www.britannica.com/technology/belfry.html]
[www.britannica.com/technology/crown-glass.html]
[www.britannica.com/technology/construction/The-Renaissance.html]
[www.britannica.com/technology/pointing-brickwork.html]
[www.britannica.com/technology/steam-engine.html]
[www.britannica.com/technology/puddling-process.html]
[www.britannica.com/technology/wrought-iron.html]
[www.britannica.com/technology/cast-iron.html]
[www.britannica.com/technology/suspension-bridge.html]
[www.britannica.com/technology/tunnel-kiln.html]
[www.britannica.com/technology/nail-fastener.html]
[www.britannica.com/technology/construction/The-first-industrial-age.html]
[www.britannica.com/technology/balloon-framing.html]
[www.britannica.com/technology/structural-engineering.html]
[www.britannica.com/technology/engineering.html]
[www.britannica.com/technology/civil-engineering.html]
[www.britannica.com/technology/steam-heating.html]
[www.britannica.com/technology/water-closet.html]
[cdn.britannica.com/54/75854-050-E27E66C0/Eiffel-Tower-Paris.jpg]
[cdn.britannica.com/54/75854-050-E27E66C0/Eiffel-Tower-Paris0442.jpg]
[www.britannica.com/technology/construction/Building-science.html]
[www.britannica.com/technology/steel.html]
[www.britannica.com/technology/skyscraper.html]
[www.britannica.com/technology/foundation-construction.html]
[www.britannica.com/technology/caisson.html]
[www.britannica.com/technology/transportation-technology.html]
[www.britannica.com/technology/lighting.html]
[www.britannica.com/technology/internal-combustion-engine.html]
[www.britannica.com/technology/long-span-building.html]
[www.britannica.com/technology/arc-welding.html]
[www.britannica.com/technology/hydraulic-lime.html]
[www.britannica.com/technology/aggregate.html]
[www.britannica.com/technology/portland-cement.html]
[www.britannica.com/technology/reinforced-concrete.html]
[www.britannica.com/technology/construction/Early-steel-frame-high-rises.html]
[www.britannica.com/technology/flat-slab.html]
[www.britannica.com/technology/pretensioning.html]
[www.britannica.com/technology/shell-architecture.html]
[www.britannica.com/technology/safety-elevator.html]
[www.britannica.com/technology/elevator-vertical-transport.html]
[www.britannica.com/technology/hydraulic-elevator.html]
[www.britannica.com/technology/electric-motor.html]
[www.britannica.com/technology/escalator.html]
[www.britannica.com/technology/electric-power.html]
[www.britannica.com/technology/electric-generator.html]
[www.britannica.com/technology/carbon-arc-lamp.html]
[www.britannica.com/technology/carbon-filament-bulb.html]
[www.britannica.com/technology/incandescent-lamp.html]
[www.britannica.com/technology/electric-discharge-lamp.html]
[www.britannica.com/technology/fluorescent-lamp.html]
[www.britannica.com/technology/heating-process-or-system.html]
[www.britannica.com/technology/forced-air-heating.html]
[www.britannica.com/technology/cooling-system.html]
[www.britannica.com/technology/refrigeration.html]
[www.britannica.com/technology/air-conditioning.html]
[www.britannica.com/technology/dual-duct-system.html]
[www.britannica.com/technology/variable-air-volume-system.html]
[www.britannica.com/technology/solar-heating.html]
[www.britannica.com/technology/plate-glass.html]
[www.britannica.com/technology/float-glass-method.html]
[www.britannica.com/technology/mullion.html]
[www.britannica.com/technology/construction/The-concrete-dome.html]
[www.britannica.com/technology/heat-mirror-glass.html]
[www.britannica.com/technology/curtain-wall.html]
[www.britannica.com/technology/non-load-bearing-wall.html]
[www.britannica.com/technology/road.html]
[www.britannica.com/technology/anodizing.html]
[www.britannica.com/technology/extrusion-industrial-process.html]
[www.britannica.com/technology/stainless-steel.html]
[www.britannica.com/technology/shear-wall.html]
[www.britannica.com/technology/slag.html]
[www.britannica.com/technology/geodesic-dome.html]
[cdn.britannica.com/88/5988-004-9E608282/Astrodome-Houston-Texas-1965.jpg]
[cdn.britannica.com/88/5988-004-9E608282/Astrodome-Houston-Texas-19650442.jpg]
[www.britannica.com/technology/lamella-roof.html]
[www.britannica.com/technology/cable-wire-rope.html]
[www.britannica.com/technology/cable-stayed-roof.html]
[www.britannica.com/technology/air-supported-structure.html]
[www.britannica.com/technology/construction/High-rise-construction-since-1945.html]
[www.britannica.com/technology/explosive.html]
[www.britannica.com/technology/construction/Modern-building-practices.html]
[www.britannica.com/technology/construction/Design-development.html]
[cdn.britannica.com/87/193387-138-4E6D793F/job-specialties-building-construction-project-planning-architects2fcd.jpg]
[www.britannica.com/technology/spread-footing.html]
[www.britannica.com/technology/retaining-wall.html]
[cdn.britannica.com/80/148080-050-11A3FC27/frame-house.jpg]
[www.britannica.com/technology/platform-frame.html]
[cdn.britannica.com/80/148080-050-11A3FC27/frame-house0442.jpg]
[www.britannica.com/technology/floor.html]
[www.britannica.com/technology/joist.html]
[www.britannica.com/technology/wall.html]
[www.britannica.com/technology/stud.html]
[www.britannica.com/technology/platform-architecture.html]
[www.britannica.com/technology/plywood.html]
[www.britannica.com/technology/particleboard.html]
[www.britannica.com/technology/adhesive.html]
[www.britannica.com/technology/fire-prevention-and-control.html]
[www.britannica.com/technology/bearing-wall.html]
[www.britannica.com/technology/cavity-wall.html]
[www.britannica.com/technology/clapboard.html]
[www.britannica.com/technology/batten-architecture.html]
[www.britannica.com/technology/stuccowork.html]
[www.britannica.com/technology/fiberglass.html]
[www.britannica.com/technology/construction/Low-rise-residential-buildings.html]
[www.britannica.com/technology/double-glazing.html]
[www.britannica.com/technology/gypsum-drywall.html]
[www.britannica.com/technology/drywall.html]
[www.britannica.com/technology/gypsum-plaster.html]
[www.britannica.com/technology/kitchen-architecture.html]
[www.britannica.com/technology/door.html]
[www.britannica.com/technology/rug-and-carpet.html]
[www.britannica.com/technology/water-well.html]
[www.britannica.com/technology/bathroom.html]
[www.britannica.com/technology/drainage-system.html]
[www.britannica.com/technology/wastewater-treatment.html]
[www.britannica.com/technology/septic-tank.html]
[www.britannica.com/technology/fuel-oil.html]
[www.britannica.com/technology/radiant-heating.html]
[www.britannica.com/technology/slab-building-material.html]
[www.britannica.com/technology/refrigerant.html]
[www.britannica.com/technology/heat-pump.html]
[www.britannica.com/technology/smoke-detector.html]
[cdn.britannica.com/71/213171-138-AE66325F/Overview-industrial-electrician-lumber-industry-forestry-careers2fcd.jpg]
[www.britannica.com/technology/wire.html]
[www.britannica.com/technology/conduit-pipe.html]
[www.britannica.com/technology/construction/Interior-finishes.html]
[www.britannica.com/technology/photovoltaic-device.html]
[www.britannica.com/technology/pile-construction.html]
[www.britannica.com/technology/precast-concrete.html]
[www.britannica.com/technology/drill-press.html]
[www.britannica.com/technology/friction-pile.html]
[www.britannica.com/technology/floating-foundation.html]
[www.britannica.com/technology/cellar.html]
[www.britannica.com/technology/slurry.html]
[www.britannica.com/technology/construction/Low-rise-commercial-institutional-and-industrial-buildings.html]
[www.britannica.com/technology/hot-rolling.html]
[www.britannica.com/technology/posttensioning.html]
[www.britannica.com/technology/skylight-architecture.html]
[www.britannica.com/technology/safety-glass.html]
[www.britannica.com/technology/toughened-glass.html]
[www.britannica.com/technology/laminated-glass.html]
[www.britannica.com/technology/construction/Concrete.html]
[www.britannica.com/technology/ceiling.html]
[www.britannica.com/technology/terrazzo.html]
[www.britannica.com/technology/fire-extinguisher.html]
[www.britannica.com/technology/sprinkler-system-fire-control.html]
[www.britannica.com/technology/fire-engine.html]
[www.britannica.com/technology/fire-escape.html]
[www.britannica.com/technology/fireproofing.html]
[www.britannica.com/technology/staircase-architecture.html]
[www.britannica.com/technology/manufacturing.html]
[www.britannica.com/technology/unit-heater.html]
[www.britannica.com/technology/ventilating.html]
[www.britannica.com/technology/construction/Floor-finishes.html]
[www.britannica.com/technology/thermostat.html]
[www.britannica.com/technology/transformer-electronics.html]
[www.britannica.com/technology/circuit-breaker.html]
[www.britannica.com/technology/mercury-lamp.html]
[www.britannica.com/technology/sodium-vapour-lamp.html]
[www.britannica.com/technology/luminaire.html]
[www.britannica.com/technology/communication-system.html]
[www.britannica.com/technology/construction/Electrical-systems.html]
[www.britannica.com/technology/computer.html]
[www.britannica.com/technology/construction/High-rise-buildings.html]
[cdn.britannica.com/86/193386-138-ABB089EA/engineers-problems-world-airplanes-suspension-bridges-skyscrapers2fcd.jpg]
[www.britannica.com/technology/bundled-tube-system.html]
[www.britannica.com/technology/construction/Enclosure-systems.html]
[www.britannica.com/technology/apartment-house.html]
[www.britannica.com/technology/structural-system.html]
[www.britannica.com/technology/barrel-vault.html]
[www.britannica.com/technology/box-girder.html]
[www.britannica.com/technology/construction/Long-span-buildings.html]
[www.britannica.com/technology/construction/Concrete-structures.html]
[www.britannica.com/technology/flat-roof.html]
[cdn.britannica.com/42/179842-138-E6D272C1/Overview-Speyer-Cathedral-Germanyd425.jpg]
[cdn.britannica.com/87/193387-138-4E6D793F/job-specialties-building-construction-project-planning-architectsd425.jpg]
[cdn.britannica.com/71/213171-138-AE66325F/Overview-industrial-electrician-lumber-industry-forestry-careersd425.jpg]
[cdn.britannica.com/86/193386-138-ABB089EA/engineers-problems-world-airplanes-suspension-bridges-skyscrapersd425.jpg]
[cdn.britannica.com/55/214155-138-5F3B1B79/Job-description-construction-project-managerd425.jpg]
[cdn.britannica.com/25/214125-138-570283E5/Job-description-architectd425.jpg]
[cdn.britannica.com/22/127022-004-DDEB9FD1/Apartment-buildings-construction-Cambridge-Engd425.jpg]
[cdn.britannica.com/68/6968-004-DE49FFC6/Brick-walls-corbel-vault-entrance-tomb-chamber.jpg]
[cdn.britannica.com/68/6968-004-DE49FFC6/Brick-walls-corbel-vault-entrance-tomb-chamberd425.jpg]
[cdn.britannica.com/87/121387-004-C8B84EAA/Basilica-Maxentius-Rome.jpg]
[cdn.britannica.com/87/121387-004-C8B84EAA/Basilica-Maxentius-Romed425.jpg]
[cdn.britannica.com/54/75854-004-6B91A1A6/Eiffel-Tower-Paris.jpg]
[cdn.britannica.com/54/75854-004-6B91A1A6/Eiffel-Tower-Parisd425.jpg]
[cdn.britannica.com/88/5988-004-9E608282/Astrodome-Houston-Texas-1965d425.jpg]
[cdn.britannica.com/80/148080-004-6802C07A/frame-house.jpg]
[cdn.britannica.com/80/148080-004-6802C07A/frame-housed425.jpg]
[cdn.britannica.com/57/129557-004-5B48BD8D/view-houses-construction-California.jpg]
[cdn.britannica.com/57/129557-004-5B48BD8D/view-houses-construction-Californiad425.jpg]
[www.britannica.com/technology/concrete-building-material/images-videos.html]
[cdn.britannica.com/00/185900-050-B3B2AA26/Construction-workers-concrete781f.jpg]
[www.britannica.com/technology/brick-building-material/images-videos.html]
[cdn.britannica.com/12/1512-004-DBCE64B1/Outline-Coverage781f.jpg]
[www.britannica.com/technology/masonry/images-videos.html]
[cdn.britannica.com/66/123466-050-B5449B57/block-masonry781f.jpg]
[www.britannica.com/technology/tile/images-videos.html]
[www.britannica.com/technology/construction/images-videos.html]
[cdn.britannica.com/74/134474-050-49EFCE02/tile-Iranian-attendance-court-ceramic-nobles-Naser781f.jpg]
[cdn.britannica.com/mendel-resources/3-76/dist/topic-additional-info-page9d6e.css]
[www.britannica.com/technology/security-and-protection-system/Physical-security.html]
[www.britannica.com/technology/structural-clay-product.html]
[www.britannica.com/technology/brick-building-material/Colouring-and-texturing-of-brick-and-tile.html]
[www.britannica.com/technology/civil-engineering/Construction.html]
[www.britannica.com/technology/history-of-technology/Technology-in-the-ancient-world.html]
[www.britannica.com/technology/construction/additional-info.html]
[www.britannica.com/technology/tunnel/Future-trends-in-underground-construction.html]
[www.britannica.com/technology/masonry/additional-info.html]
[cdn.britannica.com/66/123466-050-B5449B57/block-masonry.jpg]
[cdn.britannica.com/66/123466-050-B5449B57/block-masonryb10f.jpg]
[www.britannica.com/technology/rustication.html]
[www.britannica.com/technology/cornerstone.html]
[www.britannica.com/technology/cyclopean-masonry.html]
[www.britannica.com/technology/quoin.html]
[cdn.britannica.com/27/180727-050-8217F2B4/Inca-stonework-street-Cuzco-Peru.jpg]
[cdn.britannica.com/27/180727-050-8217F2B4/Inca-stonework-street-Cuzco-Peru0442.jpg]
[cdn.britannica.com/78/187678-138-6D546A12/infrastructure-masonry-Rome-Roman2fcd.jpg]
[www.britannica.com/technology/cement-building-material.html]
[cdn.britannica.com/08/191408-050-EDB4724F/Masonry-facade-Glessner-House-Chicago.jpg]
[www.britannica.com/technology/masonry.html]
[cdn.britannica.com/08/191408-050-EDB4724F/Masonry-facade-Glessner-House-Chicago0442.jpg]
[www.britannica.com/technology/carpentry/images-videos.html]
[www.britannica.com/technology/carpentry/additional-info.html]
[cdn.britannica.com/77/148077-050-D790E99D/Carpenter-door-workshop.jpg]
[cdn.britannica.com/77/148077-050-D790E99D/Carpenter-door-workshopb10f.jpg]
[www.britannica.com/technology/furniture-making.html]
[www.britannica.com/technology/formwork.html]
[www.britannica.com/technology/lumber.html]
[www.britannica.com/technology/molding-architecture.html]
[www.britannica.com/technology/joint-carpentry.html]
[www.britannica.com/technology/carpentry.html]
[www.britannica.com/technology/saw.html]
[www.britannica.com/technology/scaffold-construction/images-videos.html]
[www.britannica.com/technology/scaffold-construction/additional-info.html]
[cdn.britannica.com/33/118633-050-B3988F27/building.jpg]
[www.britannica.com/technology/scaffold-construction.html]
[cdn.britannica.com/33/118633-050-B3988F27/buildingb10f.jpg]
[www.britannica.com/technology/trestle.html]
[www.britannica.com/technology/rammed-earth/images-videos.html]
[www.britannica.com/technology/rammed-earth/additional-info.html]
[cdn.britannica.com/26/127026-004-8238BEF0/earth-walls-entrance-Eden-Project-Eng-Cornwall.jpg]
[cdn.britannica.com/26/127026-004-8238BEF0/earth-walls-entrance-Eden-Project-Eng-Cornwallb10f.jpg]
[www.britannica.com/technology/rammed-earth.html]
[www.britannica.com/technology/swish.html]
[www.britannica.com/technology/shoring.html]
[www.britannica.com/technology/shoring/additional-info.html]
[www.britannica.com/technology/industry/images-videos.html]
[www.britannica.com/technology/industry/additional-info.html]
[cdn.britannica.com/19/66119-050-28902C6B/Copper-mine-Tucson-Arizona.jpg]
[cdn.britannica.com/19/66119-050-28902C6B/Copper-mine-Tucson-Arizonab10f.jpg]
[www.britannica.com/technology/aerospace-industry.html]
[www.britannica.com/technology/pharmaceutical-industry.html]
[www.britannica.com/technology/commercial-fishing.html]
[www.britannica.com/technology/mining.html]
[www.britannica.com/technology/mineral-processing.html]
[cdn.britannica.com/50/3050-050-9996F255/North-America-politcal-map-continent0d44.jpg]
[cdn.britannica.com/53/132053-050-F79AAF83/steel-ladle-furnace.jpg]
[cdn.britannica.com/53/132053-050-F79AAF83/steel-ladle-furnace0442.jpg]
[www.britannica.com/technology/petroleum-refining.html]
[www.britannica.com/technology/automobile.html]
[www.britannica.com/technology/meat-processing.html]
[www.britannica.com/technology/food-processing.html]
[www.britannica.com/technology/industry.html]
[www.britannica.com/technology/electronics.html]
[www.britannica.com/technology/igloo/images-videos.html]
[www.britannica.com/technology/igloo/additional-info.html]
[cdn.britannica.com/22/10822-004-46CC0E1C/igloo-Inuit-hunting-site-ice-Nunavut-Canada.jpg]
[cdn.britannica.com/22/10822-004-46CC0E1C/igloo-Inuit-hunting-site-ice-Nunavut-Canadab10f.jpg]
[www.britannica.com/technology/igloo.html]
[www.britannica.com/technology/house-dwelling.html]
[www.britannica.com/technology/building-material/images-videos.html]
[cdn.britannica.com/22/127022-004-DDEB9FD1/Apartment-buildings-construction-Cambridge-Eng0442.jpg]
[cdn.britannica.com/81/123781-004-40CBF9F5/asbestos0442.jpg]
[www.britannica.com/technology/building-material.html]
[cdn.britannica.com/39/102039-050-8CC9CE07/Marble-quarry-Carrara-Italy0442.jpg]
[www.britannica.com/technology/brick-building-material/Modern-brick-production.html]
[www.britannica.com/technology/brick-building-material/Nonclay-brick-and-tile.html]
[www.britannica.com/technology/brick-building-material/additional-info.html]
[cdn.britannica.com/12/1512-004-DBCE64B1/Outline-Coverage.jpg]
[cdn.britannica.com/12/1512-004-DBCE64B1/Outline-Coverageb10f.jpg]
[www.britannica.com/technology/firebrick.html]
[www.britannica.com/technology/soft-mud-process.html]
[www.britannica.com/technology/dry-press-process.html]
[www.britannica.com/technology/flashing-brick-and-tile-manufacturing.html]
[www.britannica.com/technology/ceramics.html]
[cdn.britannica.com/67/166067-131-008ADCC7/worker-cigar-hand.jpg]
[www.britannica.com/technology/traditional-ceramics.html]
[cdn.britannica.com/68/189868-050-67934226/Mayan-brick-pyramid-archaeological-site-Comalcalco-Mexico.jpg]
[www.britannica.com/technology/brick-building-material.html]
[cdn.britannica.com/68/189868-050-67934226/Mayan-brick-pyramid-archaeological-site-Comalcalco-Mexico0442.jpg]
[www.britannica.com/technology/glazing-ceramics.html]
[www.britannica.com/technology/concrete-building-material/additional-info.html]
[cdn.britannica.com/00/185900-050-B3B2AA26/Construction-workers-concrete.jpg]
[www.britannica.com/technology/shotcrete.html]
[cdn.britannica.com/00/185900-050-B3B2AA26/Construction-workers-concreteb10f.jpg]
[www.britannica.com/technology/in-situ-concrete.html]
[www.britannica.com/technology/opus-caementicum.html]
[www.britannica.com/technology/pozzolanic-cement.html]
[cdn.britannica.com/00/197400-050-CCABC520/Workers-trowels-concrete.jpg]
[cdn.britannica.com/00/197400-050-CCABC520/Workers-trowels-concrete0442.jpg]
[cdn.britannica.com/31/216531-138-E21EBB6E/Self-cleaning-concrete2fcd.jpg]
[www.britannica.com/technology/concrete-building-material.html]
[www.britannica.com/technology/prestressed-concrete.html]
[www.britannica.com/technology/machine/Mechanism-of-a-machine.html]
[www.britannica.com/technology/machine/images-videos.html]
[www.britannica.com/technology/machine/additional-info.html]
[cdn.britannica.com/20/93320-050-ABA827ED/machines-energy-work.jpg]
[cdn.britannica.com/20/93320-050-ABA827ED/machines-energy-workb10f.jpg]
[www.britannica.com/technology/particle-accelerator.html]
[www.britannica.com/technology/clock.html]
[www.britannica.com/technology/robot-technology.html]
[www.britannica.com/technology/oscilloscope.html]
[www.britannica.com/technology/teleprompter.html]
[www.britannica.com/technology/inclined-plane.html]
[www.britannica.com/technology/lever.html]
[www.britannica.com/technology/wedge.html]
[www.britannica.com/technology/wheel-and-axle.html]
[www.britannica.com/technology/pulley.html]
[www.britannica.com/technology/screw.html]
[www.britannica.com/technology/prime-mover-mechanics.html]
[www.britannica.com/technology/shaft-machine-component.html]
[www.britannica.com/technology/materials-processing.html]
[www.britannica.com/technology/diesel-engine.html]
[cdn.britannica.com/17/126517-131-AF180822/semi-semitrailer-truck-tractor-highway.jpg]
[www.britannica.com/technology/transmission-engineering.html]
[www.britannica.com/technology/crank.html]
[www.britannica.com/technology/camshaft.html]
[www.britannica.com/technology/flywheel.html]
[www.britannica.com/technology/clutch-machine-component.html]
[www.britannica.com/technology/gear.html]
[www.britannica.com/technology/lubrication.html]
[www.britannica.com/technology/brake.html]
[www.britannica.com/technology/fan-ventilating-device.html]
[www.britannica.com/technology/machine.html]
[www.britannica.com/technology/fasteners.html]
[www.britannica.com/technology/tent/images-videos.html]
[www.britannica.com/technology/tent/additional-info.html]
[cdn.britannica.com/60/147260-050-EEEFEE2F/Hospital-Cardinal-Leger-tent-hospital-Leogane-Haiti-2010.jpg]
[cdn.britannica.com/60/147260-050-EEEFEE2F/Hospital-Cardinal-Leger-tent-hospital-Leogane-Haiti-2010b10f.jpg]
[www.britannica.com/technology/mountain-tent.html]
[www.britannica.com/technology/tent.html]
[www.britannica.com/technology/pop-tent.html]
[www.britannica.com/technology/yurt/images-videos.html]
[www.britannica.com/technology/yurt/additional-info.html]
[cdn.britannica.com/94/8694-004-4E0F00DC/Yurt-Gobi-desert-Mongolia.jpg]
[www.britannica.com/technology/yurt.html]
[cdn.britannica.com/94/8694-004-4E0F00DC/Yurt-Gobi-desert-Mongoliab10f.jpg]
[www.britannica.com/technology/tepee/images-videos.html]
[www.britannica.com/technology/tepee/additional-info.html]
[cdn.britannica.com/66/9066-004-6A2394AB/Tepees-Banff-Alta.jpg]
[cdn.britannica.com/66/9066-004-6A2394AB/Tepees-Banff-Altab10f.jpg]
[cdn.britannica.com/03/92003-050-F8892B4E/tepee-Yakima-photograph-reed-mat-cover-Edward-1910.jpg]
[cdn.britannica.com/03/92003-050-F8892B4E/tepee-Yakima-photograph-reed-mat-cover-Edward-19100442.jpg]
[www.britannica.com/technology/longhouse.html]
[www.britannica.com/technology/pueblo-architecture.html]
[www.britannica.com/technology/tepee.html]
[www.britannica.com/technology/lodge-dwelling.html]
[www.britannica.com/technology/tholos-architecture/images-videos.html]
[www.britannica.com/technology/tholos-architecture/additional-info.html]
[www.britannica.com/technology/tholos-architecture.html]
[www.britannica.com/technology/roof.html]
[www.britannica.com/technology/wattle-and-daub.html]
[www.britannica.com/technology/framed-building.html]
[www.britannica.com/technology/column-architecture.html]
[www.britannica.com/technology/thatching.html]
[insitez.blob.core.windows.net/site/f780f33e-a610-4ac2-af81-3eb184037547.js]
